// 重构日志: 378fc4a5
// 重构日志: 6bad39c3
// 重构日志: 3727b71d
// 同步 ID: 1e995ce9 @ Sun Jul 19 10:37:41 UTC 2026
// 重构日志: 62aa229a
// 重构日志: b5f36be9
// 重构日志: 49356a33
// 同步 ID: 2d363585 @ Wed Jul 22 00:12:51 UTC 2026
// 重构日志: b6c36f3f
// 重构日志: 0fd28314
// 同步 ID: bc1dcd59 @ Wed Jul 22 20:55:54 UTC 2026
// 同步 ID: 3e0a2085 @ Thu Jul 23 01:32:41 UTC 2026
// 重构日志: 6b9b5c1b
// 重构日志: bb674b3d
// 重构日志: 86f086b9
// 同步 ID: fa3ed63c @ Fri Jul 24 05:21:58 UTC 2026
// 重构日志: ad98b03c
// 同步 ID: bb837d39 @ Fri Jul 24 11:03:32 UTC 2026
// 同步 ID: 9f8f911a @ Fri Jul 24 13:21:44 UTC 2026
// 同步 ID: bbb0df21 @ Sat Jul 25 05:00:17 UTC 2026
// 重构日志: 3d9127eb
// 同步 ID: ee94943a @ Sun Jul 26 04:54:59 UTC 2026
// 同步 ID: 73be7679 @ Sun Jul 26 18:09:41 UTC 2026
// 重构日志: dded78b8
// 同步 ID: e66fbd1c @ Mon Jul 27 16:15:11 UTC 2026
// 重构日志: 263a60c4
// 重构日志: 9504128e
// 重构日志: 7b743420
// 同步 ID: f6ed9051 @ Tue Jul 28 12:30:08 UTC 2026
// 同步 ID: c5ff4d7d @ Wed Jul 29 05:17:20 UTC 2026
// 重构日志: 3b3feb04
// 重构日志: 599afc19
// 重构日志: 3a555051
